// Vitest Snapshot v1, https://vitest.dev/guide/snapshot.html

exports[`LoginComponent > renders correctly and matches snapshot 1`] = `
<DocumentFragment>
  <div
    data-testid="signin-page"
  >
    <button
      data-testid="provider-google"
    >
      Google
    </button>
    <button
      data-testid="provider-github"
    >
      GitHub
    </button>
    <button
      data-testid="provider-microsoft"
    >
      Microsoft
    </button>
    <form
      data-testid="credentials-form"
    >
      <input
        data-testid="email-input"
        name="email"
      />
      <input
        data-testid="password-input"
        name="password"
      />
      <button
        type="submit"
      >
        Email and Password
      </button>
    </form>
    <a
      data-discover="true"
      href="/register"
    >
      Create Account
    </a>
    <a
      data-discover="true"
      href="/reset-password"
    >
      Forgot Password?
    </a>
    <label
      class="MuiFormControlLabel-root MuiFormControlLabel-labelPlacementEnd css-14r958l-MuiFormControlLabel-root"
    >
      <span
        class="MuiButtonBase-root MuiCheckbox-root MuiCheckbox-colorPrimary MuiCheckbox-sizeSmall PrivateSwitchBase-root MuiCheckbox-root MuiCheckbox-colorPrimary MuiCheckbox-sizeSmall MuiCheckbox-root MuiCheckbox-colorPrimary MuiCheckbox-sizeSmall css-reoaak-MuiButtonBase-root-MuiSwitchBase-root-MuiCheckbox-root"
      >
        <input
          class="PrivateSwitchBase-input css-12xagqm-MuiSwitchBase-root"
          data-indeterminate="false"
          name="remember"
          type="checkbox"
          value="true"
        />
        <svg
          aria-hidden="true"
          class="MuiSvgIcon-root MuiSvgIcon-fontSizeSmall css-120dh41-MuiSvgIcon-root"
          data-testid="CheckBoxOutlineBlankIcon"
          focusable="false"
          viewBox="0 0 24 24"
        >
          <path
            d="M19 5v14H5V5h14m0-2H5c-1.1 0-2 .9-2 2v14c0 1.1.9 2 2 2h14c1.1 0 2-.9 2-2V5c0-1.1-.9-2-2-2z"
          />
        </svg>
      </span>
      <span
        class="MuiTypography-root MuiTypography-body1 MuiFormControlLabel-label css-1c26xtj-MuiTypography-root"
      >
        Remember me
      </span>
    </label>
  </div>
</DocumentFragment>
`;
